// Jest Snapshot v1, https://goo.gl/fbAQLP

exports[`test fails with a different runner 1`] = `"ava is not supported in detox cli tools. You can still run your tests with the runner's own cli tool"`;

exports[`test throws an error if the platform is android and the workers are enabled 1`] = `"Can not use -w, --workers. Parallel test execution is only supported on iOS currently"`;
